2026-08-21 16:01:18 [@ba1d75de31b0]
0 segundo for "Use core capabilities"
2026-08-21 16:01:18 [@ba1d75de31b0]
0 segundo for "Use core agent"
2026-08-21 16:01:18 [@ba1d75de31b0]
0 segundo for "Use core SNMP credentials"
2026-08-21 16:01:18 [@ba1d75de31b0]
0 segundo for "Use core network ports"
2026-08-21 16:01:18 [@ba1d75de31b0]
0 segundo for "Use core computers"
2026-08-21 16:01:19 [@ba1d75de31b0]
1 segundo for "Use core network equipments"
2026-08-21 16:01:19 [@ba1d75de31b0]
0 segundo for "Use core printers"
2026-08-21 16:01:19 [@ba1d75de31b0]
0 segundo for "Use core printer logs"
2026-08-21 16:01:19 [@ba1d75de31b0]
0 segundo for "Use core networkports logs"
2026-08-21 16:01:19 [@ba1d75de31b0]
0 segundo for "Use core network ports types"
2026-08-21 16:01:19 [@ba1d75de31b0]
0 segundo for "Use core unmanaged equipments"
2026-08-21 16:01:19 [@ba1d75de31b0]
0 segundo for "Drop ignored equipments"
2026-08-21 16:01:19 [@ba1d75de31b0]
0 segundo for "Use core rules"
2026-08-21 16:01:19 [@ba1d75de31b0]
0 segundo for "Use core remote management"
2026-08-21 16:01:19 [@ba1d75de31b0]
0 segundo for "Use core fields locks"
2026-08-21 16:01:19 [@ba1d75de31b0]
0 segundo for "Drop dblock tables"
2026-08-21 16:01:19 [@ba1d75de31b0]
0 segundo for "Use core entities"
2026-08-21 16:01:19 [@ba1d75de31b0]
0 segundo for "Drop network ports and printers logs tables"
2026-08-21 16:01:19 [@ba1d75de31b0]
0 segundo for "Drop inventory mapping table"
2026-08-21 16:01:20 [@ba1d75de31b0]
A atualização para a versão 1.6.10 foi concluída.
